src/018_duplicate_switch.php:18 PhanPluginDuplicateSwitchCase Duplicate/Equivalent switch case(1) detected in switch statement - the later entry will be ignored.
src/018_duplicate_switch.php:19 PhanPluginDuplicateSwitchCase Duplicate/Equivalent switch case(1) detected in switch statement - the later entry will be ignored.
src/018_duplicate_switch.php:22 PhanPluginDuplicateSwitchCase Duplicate/Equivalent switch case(true) detected in switch statement - the later entry will be ignored.
src/018_duplicate_switch.php:23 PhanPluginDuplicateSwitchCase Duplicate/Equivalent switch case(false) detected in switch statement - the later entry will be ignored.
src/018_duplicate_switch.php:24 PhanPluginDuplicateSwitchCase Duplicate/Equivalent switch case(false) detected in switch statement - the later entry will be ignored.
src/018_duplicate_switch.php:25 PhanPluginDuplicateSwitchCase Duplicate/Equivalent switch case(true) detected in switch statement - the later entry will be ignored.
src/018_duplicate_switch.php:29 PhanPluginDuplicateSwitchCase Duplicate/Equivalent switch case('(test literal)') detected in switch statement - the later entry will be ignored.
src/018_duplicate_switch.php:33 PhanPluginDuplicateSwitchCase Duplicate/Equivalent switch case(32) detected in switch statement - the later entry will be ignored.
src/018_duplicate_switch.php:34 PhanPluginDuplicateSwitchCase Duplicate/Equivalent switch case('') detected in switch statement - the later entry will be ignored.
src/018_duplicate_switch.php:35 PhanPluginDuplicateSwitchCase Duplicate/Equivalent switch case(null) detected in switch statement - the later entry will be ignored.
