src/027_native_syntax_check.php:2 PhanUnreferencedClass Possibly zero references to class \X
src/027_native_syntax_check.php:3 PhanUnreferencedPublicProperty Possibly zero references to public property \X->y
src/027_native_syntax_check.php:4 PhanInvalidConstantExpression Constant expression contains invalid operations
src/027_native_syntax_check.php:4 PhanNativePHPSyntaxCheckPlugin Saw error or notice for php --syntax-check: "Fatal error: Constant expression contains invalid operations"
src/027_native_syntax_check.php:4 PhanUndeclaredVariable Variable $y is undeclared
src/027_native_syntax_check.php:4 PhanUnreferencedPublicProperty Possibly zero references to public property \X->x
