src/044_crash.php:5 PhanSyntaxError Fallback parser diagnostic error: '}' expected.
