%s:16 PhanUndeclaredMethod Call to undeclared method \A::g (Did you mean expr->f())
%s:21 PhanUndeclaredMethod Call to undeclared method \B::f (Did you mean expr->g())
