%s:16 PhanUnusedVariable Unused definition of variable $object
