%s:23 PhanPropertyAccessSignatureMismatch Access level to protected $prop must be compatible with public $prop defined in %s:4
%s:25 PhanAccessNonStaticToStaticProperty Cannot make non static property \X->instance_prop into the static property \Y::$instance_prop
%s:26 PhanAccessStaticToNonStaticProperty Cannot make static property \X::$static_prop into the non static property \Y->static_prop
%s:28 PhanAccessSignatureMismatch Access level to function test() must be compatible with function test() defined in %s:7
%s:34 PhanConstantAccessSignatureMismatch Access level to private \Y::pro1 must be compatible with protected \X::pro1 defined in %s:13
%s:38 PhanConstantAccessSignatureMismatch Access level to private \Y::pub1 must be compatible with public \X::pub1 defined in %s:17
%s:39 PhanConstantAccessSignatureMismatch Access level to protected \Y::pub2 must be compatible with public \X::pub2 defined in %s:18
%s:42 PhanAccessClassConstantProtected Cannot access protected class constant \Y::pub2 defined at %s:39
