%s:3 PhanContextNotObject Cannot access parent when not in object context
