%s:6 PhanTypeMismatchArgument Argument 2 (item) is 'invalid' but \misc::foo() takes array defined at %s:9
