%s:5 PhanTypeInvalidDimOffset Invalid offset 2 of array type array{0:string,1:string}
%s:5 PhanTypeSuspiciousEcho Suspicious argument null for an echo/print statement
%s:10 PhanTypeInvalidDimOffset Invalid offset 2 of array type array{0:string,1:string}
%s:10 PhanTypeSuspiciousEcho Suspicious argument null for an echo/print statement
%s:15 PhanTypeInvalidDimOffset Invalid offset 2 of array type array{0:string,name:string,1:string}
%s:15 PhanTypeSuspiciousEcho Suspicious argument null for an echo/print statement
%s:21 PhanTypeInvalidDimOffset Invalid offset 2 of array type array{0:string,a:string,1:string}
%s:21 PhanTypeSuspiciousEcho Suspicious argument null for an echo/print statement
%s:25 PhanTypeInvalidDimOffset Invalid offset 2 of array type array{0:string,de:string,1:string}
%s:25 PhanTypeSuspiciousEcho Suspicious argument null for an echo/print statement
%s:29 PhanTypeInvalidDimOffset Invalid offset 2 of array type array{0:string,caseInsensitive:string,1:string}
%s:29 PhanTypeSuspiciousEcho Suspicious argument null for an echo/print statement
