%s:15 PhanTypeMismatchArgumentInternal Argument 1 (string) is 2 but \strlen() takes string
%s:20 PhanTypeMismatchArgumentInternal Argument 1 (string) is \stdClass but \strlen() takes string
%s:23 PhanTypeMismatchArgumentInternal Argument 1 (string) is null but \strlen() takes string
