%s:4 PhanTypeMismatchReturn Returning type string but f2() is declared to return int
%s:10 PhanTypeMismatchReturn Returning type array{} but f() is declared to return \U301
