src_copy/006_redundant_comment.php:8 PhanPluginRedundantFunctionComment Redundant doc comment on function returns_int(): '/** @return int */'
src_copy/006_redundant_comment.php:18 PhanPluginRedundantClosureComment Redundant doc comment on closure Closure(int $input) : int: "/**\n * @param int \$input\n * @return int\n */"
src_copy/006_redundant_comment.php:27 PhanPluginRedundantMethodComment Redundant doc comment on method f(): "/**\n     *\n     */"
